// Jest Snapshot v1, https://goo.gl/fbAQLP

exports[`renders 1`] = `
<div
  className="text-gray-800"
>
  <nav
    className="bg-gray-800"
  >
    <div
      className="max-w-7xl mx-auto px-2 sm:px-6 lg:px-8"
    >
      <div
        className="relative flex items-center justify-between h-16"
      >
        <div
          className="absolute inset-y-0 left-0 flex items-center sm:hidden"
        >
          <button
            aria-controls="mobile-menu"
            aria-expanded="false"
            className="inline-flex items-center justify-center p-2 rounded-md text-gray-400 hover:text-white hover:bg-gray-700 focus:outline-none"
            onClick={[Function]}
            type="button"
          >
            <span
              className="sr-only"
            >
              Open main menu
            </span>
            <svg
              aria-hidden="true"
              className="block h-6 w-6"
              fill="none"
              stroke="currentColor"
              viewBox="0 0 24 24"
              xmlns="http://www.w3.org/2000/svg"
            >
              <path
                d="M4 6h16M4 12h16M4 18h16"
                strokeLinecap="round"
                strokeLinejoin="round"
                strokeWidth="2"
              />
            </svg>
          </button>
        </div>
        <div
          className="flex-1 flex items-center justify-center sm:items-stretch sm:justify-start"
        >
          <div
            className="flex-shrink-0 flex items-center w-14"
          >
            <img
              alt="Site Logo"
              src="logo.png"
            />
          </div>
          <div
            className="hidden sm:block sm:ml-4"
          >
            <div
              className="flex space-x-4 mt-3"
            >
              <a
                className="text-gray-300 hover:bg-gray-700 hover:text-white px-3 py-2 rounded-md text-sm font-medium"
                href="#projects"
              >
                Projects
              </a>
            </div>
          </div>
        </div>
      </div>
    </div>
  </nav>
  <section>
    <div
      className="py-20 bg-gradient-to-r from-blue-800 to-green-800"
    >
      <div
        className="container mx-auto p-6 lg:p-8 text-white"
      >
        <h1
          className="font-semibold text-3xl"
        >
          Hi there! ðŸ‘‹ I'm Samuel,
        </h1>
        <p>
          a passionate software engineer and computer science student at the National University of Singapore.
        </p>
        <div
          className="mt-3"
        >
          <a
            className="mr-3 hover:text-gray-300"
            href="mailto:samuelfangjw@gmail.com"
            rel="noreferrer"
            target="_blank"
          >
            <svg
              aria-hidden="true"
              className="svg-inline--fa fa-envelope fa-lg "
              data-icon="envelope"
              data-prefix="fas"
              focusable="false"
              role="img"
              style={Object {}}
              viewBox="0 0 512 512"
              xmlns="http://www.w3.org/2000/svg"
            >
              <path
                d="M256 352c-16.53 0-33.06-5.422-47.16-16.41L0 173.2V400C0 426.5 21.49 448 48 448h416c26.51 0 48-21.49 48-48V173.2l-208.8 162.5C289.1 346.6 272.5 352 256 352zM16.29 145.3l212.2 165.1c16.19 12.6 38.87 12.6 55.06 0l212.2-165.1C505.1 137.3 512 125 512 112C512 85.49 490.5 64 464 64h-416C21.49 64 0 85.49 0 112C0 125 6.01 137.3 16.29 145.3z"
                fill="currentColor"
                style={Object {}}
              />
            </svg>
          </a>
          <a
            className="mr-3 hover:text-gray-300"
            href="https://github.com/samuelfangjw"
            rel="noreferrer"
            target="_blank"
          >
            <svg
              aria-hidden="true"
              className="svg-inline--fa fa-github fa-lg "
              data-icon="github"
              data-prefix="fab"
              focusable="false"
              role="img"
              style={Object {}}
              viewBox="0 0 496 512"
              xmlns="http://www.w3.org/2000/svg"
            >
              <path
                d="M165.9 397.4c0 2-2.3 3.6-5.2 3.6-3.3 .3-5.6-1.3-5.6-3.6 0-2 2.3-3.6 5.2-3.6 3-.3 5.6 1.3 5.6 3.6zm-31.1-4.5c-.7 2 1.3 4.3 4.3 4.9 2.6 1 5.6 0 6.2-2s-1.3-4.3-4.3-5.2c-2.6-.7-5.5 .3-6.2 2.3zm44.2-1.7c-2.9 .7-4.9 2.6-4.6 4.9 .3 2 2.9 3.3 5.9 2.6 2.9-.7 4.9-2.6 4.6-4.6-.3-1.9-3-3.2-5.9-2.9zM244.8 8C106.1 8 0 113.3 0 252c0 110.9 69.8 205.8 169.5 239.2 12.8 2.3 17.3-5.6 17.3-12.1 0-6.2-.3-40.4-.3-61.4 0 0-70 15-84.7-29.8 0 0-11.4-29.1-27.8-36.6 0 0-22.9-15.7 1.6-15.4 0 0 24.9 2 38.6 25.8 21.9 38.6 58.6 27.5 72.9 20.9 2.3-16 8.8-27.1 16-33.7-55.9-6.2-112.3-14.3-112.3-110.5 0-27.5 7.6-41.3 23.6-58.9-2.6-6.5-11.1-33.3 2.6-67.9 20.9-6.5 69 27 69 27 20-5.6 41.5-8.5 62.8-8.5s42.8 2.9 62.8 8.5c0 0 48.1-33.6 69-27 13.7 34.7 5.2 61.4 2.6 67.9 16 17.7 25.8 31.5 25.8 58.9 0 96.5-58.9 104.2-114.8 110.5 9.2 7.9 17 22.9 17 46.4 0 33.7-.3 75.4-.3 83.6 0 6.5 4.6 14.4 17.3 12.1C428.2 457.8 496 362.9 496 252 496 113.3 383.5 8 244.8 8zM97.2 352.9c-1.3 1-1 3.3 .7 5.2 1.6 1.6 3.9 2.3 5.2 1 1.3-1 1-3.3-.7-5.2-1.6-1.6-3.9-2.3-5.2-1zm-10.8-8.1c-.7 1.3 .3 2.9 2.3 3.9 1.6 1 3.6 .7 4.3-.7 .7-1.3-.3-2.9-2.3-3.9-2-.6-3.6-.3-4.3 .7zm32.4 35.6c-1.6 1.3-1 4.3 1.3 6.2 2.3 2.3 5.2 2.6 6.5 1 1.3-1.3 .7-4.3-1.3-6.2-2.2-2.3-5.2-2.6-6.5-1zm-11.4-14.7c-1.6 1-1.6 3.6 0 5.9 1.6 2.3 4.3 3.3 5.6 2.3 1.6-1.3 1.6-3.9 0-6.2-1.4-2.3-4-3.3-5.6-2z"
                fill="currentColor"
                style={Object {}}
              />
            </svg>
          </a>
        </div>
      </div>
    </div>
  </section>
  <div
    id="projects"
  />
  <section
    className="pt-5 bg-gray-100"
  >
    <div
      className="container m-auto text-center"
    >
      <h1
        className="font-semibold text-3xl mb-1"
      >
        Projects
      </h1>
      <p
        className="mx-1"
      >
        This section features some of my more notable work, including personal greenfield projects as well as open-source software I regularly contribute to.
      </p>
    </div>
    <div
      className="flex flex-wrap justify-center mt-2 items-stretch"
    >
      <a
        className="flex"
        href="https://github.com/TEAMMATES/teammates"
        rel="noreferrer"
        target="_blank"
      >
        <div
          className="flex flex-col max-w-sm rounded-sm overflow-hidden shadow-lg m-5 hover:bg-gray-100 hover:shadow-2xl"
        >
          <img
            alt="TEAMMATES image"
            className="object-scale-down h-60 m-auto p-2 flex-shrink-0"
            src="teammates.png"
          />
          <div
            className="mx-6 my-4 flex-grow"
          >
            <div
              className="font-medium text-base text-gray-darker mb-4"
            >
              TEAMMATES
            </div>
            <p
              className="font-normal text-gray-dark text-sm mb-4"
            >
              An online feedback management system for education used by more than 800,000 users worldwide.
            </p>
          </div>
          <div
            className="flex flex-wrap mx-6 my-2 py-2 border-t border-gray-light"
          >
            <span
              className="block p-1 m-1 w-max text-xs rounded bg-blue-200 text-blue-700"
            >
              Angular
            </span>
            <span
              className="block p-1 m-1 w-max text-xs rounded bg-yellow-200 text-yellow-700"
            >
              Google Cloud
            </span>
            <span
              className="block p-1 m-1 w-max text-xs rounded bg-green-200 text-green-700"
            >
              TypeScript
            </span>
            <span
              className="block p-1 m-1 w-max text-xs rounded bg-green-200 text-green-700"
            >
              Java EE
            </span>
          </div>
        </div>
      </a>
      <a
        className="flex"
        href="https://sourceacademy.org/sicpjs/index"
        rel="noreferrer"
        target="_blank"
      >
        <div
          className="flex flex-col max-w-sm rounded-sm overflow-hidden shadow-lg m-5 hover:bg-gray-100 hover:shadow-2xl"
        >
          <img
            alt="Source Academy image"
            className="object-scale-down h-60 m-auto p-2 flex-shrink-0"
            src="sourceacademy.png"
          />
          <div
            className="mx-6 my-4 flex-grow"
          >
            <div
              className="font-medium text-base text-gray-darker mb-4"
            >
              Source Academy
            </div>
            <p
              className="font-normal text-gray-dark text-sm mb-4"
            >
              The Source Academy is a computer-mediated learning environment for studying the structure and interpretation of computer programs. My primary responsibility was the development of an online interactive textbook where readers can play with code snippets without leaving the context of the textbook.
            </p>
          </div>
          <div
            className="flex flex-wrap mx-6 my-2 py-2 border-t border-gray-light"
          >
            <span
              className="block p-1 m-1 w-max text-xs rounded bg-blue-200 text-blue-700"
            >
              ReactJS
            </span>
            <span
              className="block p-1 m-1 w-max text-xs rounded bg-yellow-200 text-yellow-700"
            >
              Node.js
            </span>
            <span
              className="block p-1 m-1 w-max text-xs rounded bg-green-200 text-green-700"
            >
              TypeScript
            </span>
            <span
              className="block p-1 m-1 w-max text-xs rounded bg-green-200 text-green-700"
            >
              JavaScript
            </span>
          </div>
        </div>
      </a>
      <a
        className="flex"
        href="https://github.com/StrawHats12/CS3219_strawhats"
        rel="noreferrer"
        target="_blank"
      >
        <div
          className="flex flex-col max-w-sm rounded-sm overflow-hidden shadow-lg m-5 hover:bg-gray-100 hover:shadow-2xl"
        >
          <img
            alt="StrawHats image"
            className="object-scale-down h-60 m-auto p-2 flex-shrink-0"
            src="strawhats.png"
          />
          <div
            className="mx-6 my-4 flex-grow"
          >
            <div
              className="font-medium text-base text-gray-darker mb-4"
            >
              StrawHats
            </div>
            <p
              className="font-normal text-gray-dark text-sm mb-4"
            >
              A scalable web action site for collectibles with live video streaming capabilities.
            </p>
          </div>
          <div
            className="flex flex-wrap mx-6 my-2 py-2 border-t border-gray-light"
          >
            <span
              className="block p-1 m-1 w-max text-xs rounded bg-blue-200 text-blue-700"
            >
              ReactJS
            </span>
            <span
              className="block p-1 m-1 w-max text-xs rounded bg-yellow-200 text-yellow-700"
            >
              AWS
            </span>
            <span
              className="block p-1 m-1 w-max text-xs rounded bg-yellow-200 text-yellow-700"
            >
              Node.js
            </span>
            <span
              className="block p-1 m-1 w-max text-xs rounded bg-yellow-200 text-yellow-700"
            >
              Express
            </span>
            <span
              className="block p-1 m-1 w-max text-xs rounded bg-yellow-200 text-yellow-700"
            >
              Docker
            </span>
            <span
              className="block p-1 m-1 w-max text-xs rounded bg-yellow-200 text-yellow-700"
            >
              Socket.IO
            </span>
            <span
              className="block p-1 m-1 w-max text-xs rounded bg-yellow-200 text-yellow-700"
            >
              MUX
            </span>
            <span
              className="block p-1 m-1 w-max text-xs rounded bg-green-200 text-green-700"
            >
              JavaScript
            </span>
          </div>
        </div>
      </a>
      <a
        className="flex"
        href="https://github.com/CarbonEconomy/CarbonEconomy"
        rel="noreferrer"
        target="_blank"
      >
        <div
          className="flex flex-col max-w-sm rounded-sm overflow-hidden shadow-lg m-5 hover:bg-gray-100 hover:shadow-2xl"
        >
          <img
            alt="Carbon Economy image"
            className="object-scale-down h-60 m-auto p-2 flex-shrink-0"
            src="carboneconomy.png"
          />
          <div
            className="mx-6 my-4 flex-grow"
          >
            <div
              className="font-medium text-base text-gray-darker mb-4"
            >
              Carbon Economy
            </div>
            <p
              className="font-normal text-gray-dark text-sm mb-4"
            >
              An API and online Dashboard that helps tackle carbon pollution. Carbon Economy incentivises businesses and consumers to make greener decisions through our green credits system and smart visualisation dashboard backed by a cryptographically verifiable transactions.
            </p>
          </div>
          <div
            className="flex flex-wrap mx-6 my-2 py-2 border-t border-gray-light"
          >
            <span
              className="block p-1 m-1 w-max text-xs rounded bg-blue-200 text-blue-700"
            >
              ReactJS
            </span>
            <span
              className="block p-1 m-1 w-max text-xs rounded bg-yellow-200 text-yellow-700"
            >
              AWS
            </span>
            <span
              className="block p-1 m-1 w-max text-xs rounded bg-yellow-200 text-yellow-700"
            >
              Node.js
            </span>
            <span
              className="block p-1 m-1 w-max text-xs rounded bg-yellow-200 text-yellow-700"
            >
              Express
            </span>
            <span
              className="block p-1 m-1 w-max text-xs rounded bg-blue-200 text-blue-700"
            >
              deck.gl
            </span>
            <span
              className="block p-1 m-1 w-max text-xs rounded bg-green-200 text-green-700"
            >
              JavaScript
            </span>
          </div>
        </div>
      </a>
      <a
        className="flex"
        href="https://ay2021s2-cs2103t-t11-2.github.io/tp/"
        rel="noreferrer"
        target="_blank"
      >
        <div
          className="flex flex-col max-w-sm rounded-sm overflow-hidden shadow-lg m-5 hover:bg-gray-100 hover:shadow-2xl"
        >
          <img
            alt="CoLAB image"
            className="object-scale-down h-60 m-auto p-2 flex-shrink-0"
            src="colab.png"
          />
          <div
            className="mx-6 my-4 flex-grow"
          >
            <div
              className="font-medium text-base text-gray-darker mb-4"
            >
              CoLAB
            </div>
            <p
              className="font-normal text-gray-dark text-sm mb-4"
            >
              CoLAB (Command Line Address Book) is a desktop app for students currently enrolled in a university to manage their school projects. It is optimized for use via a Command Line Interface (CLI) while still having the benefits of a Graphical User Interface (GUI). If you can type fast, CoLAB can get your project management tasks done faster than traditional GUI apps.
            </p>
          </div>
          <div
            className="flex flex-wrap mx-6 my-2 py-2 border-t border-gray-light"
          >
            <span
              className="block p-1 m-1 w-max text-xs rounded bg-blue-200 text-blue-700"
            >
              JavaFX
            </span>
            <span
              className="block p-1 m-1 w-max text-xs rounded bg-green-200 text-green-700"
            >
              Java
            </span>
          </div>
        </div>
      </a>
      <a
        className="flex"
        href="https://github.com/samuelfangjw/luminder"
        rel="noreferrer"
        target="_blank"
      >
        <div
          className="flex flex-col max-w-sm rounded-sm overflow-hidden shadow-lg m-5 hover:bg-gray-100 hover:shadow-2xl"
        >
          <img
            alt="LuminDER image"
            className="object-scale-down h-60 m-auto p-2 flex-shrink-0"
            src="luminder.png"
          />
          <div
            className="mx-6 my-4 flex-grow"
          >
            <div
              className="font-medium text-base text-gray-darker mb-4"
            >
              LuminDER
            </div>
            <p
              className="font-normal text-gray-dark text-sm mb-4"
            >
              LuminDER is a dating app for NUS students made in 24 hours for Hack & Roll 2020. Its name is a wordplay on Tinder and it takes on the familiar interface of LumiNUS, NUS' learning management system (LMS).
            </p>
          </div>
          <div
            className="flex flex-wrap mx-6 my-2 py-2 border-t border-gray-light"
          >
            <span
              className="block p-1 m-1 w-max text-xs rounded bg-blue-200 text-blue-700"
            >
              ReactJS
            </span>
            <span
              className="block p-1 m-1 w-max text-xs rounded bg-yellow-200 text-yellow-700"
            >
              Express
            </span>
            <span
              className="block p-1 m-1 w-max text-xs rounded bg-yellow-200 text-yellow-700"
            >
              MongoDB
            </span>
            <span
              className="block p-1 m-1 w-max text-xs rounded bg-yellow-200 text-yellow-700"
            >
              Node.js
            </span>
            <span
              className="block p-1 m-1 w-max text-xs rounded bg-green-200 text-green-700"
            >
              JavaScript
            </span>
          </div>
        </div>
      </a>
      <a
        className="flex"
        href="https://github.com/samuelfangjw/FoodCache"
        rel="noreferrer"
        target="_blank"
      >
        <div
          className="flex flex-col max-w-sm rounded-sm overflow-hidden shadow-lg m-5 hover:bg-gray-100 hover:shadow-2xl"
        >
          <img
            alt="FoodCache image"
            className="object-scale-down h-60 m-auto p-2 flex-shrink-0"
            src="foodcache.png"
          />
          <div
            className="mx-6 my-4 flex-grow"
          >
            <div
              className="font-medium text-base text-gray-darker mb-4"
            >
              FoodCache
            </div>
            <p
              className="font-normal text-gray-dark text-sm mb-4"
            >
              FoodCache is a food management mobile app that helps reduce food wastage by keeping track of expiring ingredients, suggesting recipes for meals to minimize food waste and acting as a platform to share excess food and ingredients with friends and family.
            </p>
          </div>
          <div
            className="flex flex-wrap mx-6 my-2 py-2 border-t border-gray-light"
          >
            <span
              className="block p-1 m-1 w-max text-xs rounded bg-blue-200 text-blue-700"
            >
              Android Studio
            </span>
            <span
              className="block p-1 m-1 w-max text-xs rounded bg-green-200 text-green-700"
            >
              Java
            </span>
          </div>
        </div>
      </a>
    </div>
  </section>
</div>
`;
